
> live-streming-online-class@0.0.0 build
> vite build

vite v8.0.8 building client environment for production...
[2Ktransforming...✓ 2152 modules transformed.
✗ Build failed in 405ms
error during build:
Build failed with 1 error:

[31m[builtin:vite-transform] Error:[0m Duplicated export 'updateUserPoints'
     [38;5;246m╭[0m[38;5;246m─[0m[38;5;246m[[0m src/db.service.js:718:23 [38;5;246m][0m
     [38;5;246m│[0m
 [38;5;246m718 │[0m [38;5;249me[0m[38;5;249mx[0m[38;5;249mp[0m[38;5;249mo[0m[38;5;249mr[0m[38;5;249mt[0m[38;5;249m [0m[38;5;249ma[0m[38;5;249ms[0m[38;5;249my[0m[38;5;249mn[0m[38;5;249mc[0m[38;5;249m [0m[38;5;249mf[0m[38;5;249mu[0m[38;5;249mn[0m[38;5;249mc[0m[38;5;249mt[0m[38;5;249mi[0m[38;5;249mo[0m[38;5;249mn[0m[38;5;249m [0mupdateUserPoints[38;5;249m([0m[38;5;249mu[0m[38;5;249ms[0m[38;5;249me[0m[38;5;249mr[0m[38;5;249mI[0m[38;5;249md[0m[38;5;249m,[0m[38;5;249m [0m[38;5;249mp[0m[38;5;249mo[0m[38;5;249mi[0m[38;5;249mn[0m[38;5;249mt[0m[38;5;249ms[0m[38;5;249m)[0m[38;5;249m [0m[38;5;249m{[0m
 [38;5;240m    │[0m                       ────────┬───────  
 [38;5;240m    │[0m                               ╰───────── Export has already been declared here
 [38;5;240m    │[0m 
 [38;5;246m762 │[0m [38;5;249me[0m[38;5;249mx[0m[38;5;249mp[0m[38;5;249mo[0m[38;5;249mr[0m[38;5;249mt[0m[38;5;249m [0m[38;5;249ma[0m[38;5;249ms[0m[38;5;249my[0m[38;5;249mn[0m[38;5;249mc[0m[38;5;249m [0m[38;5;249mf[0m[38;5;249mu[0m[38;5;249mn[0m[38;5;249mc[0m[38;5;249mt[0m[38;5;249mi[0m[38;5;249mo[0m[38;5;249mn[0m[38;5;249m [0mupdateUserPoints[38;5;249m([0m[38;5;249mu[0m[38;5;249ms[0m[38;5;249me[0m[38;5;249mr[0m[38;5;249mI[0m[38;5;249md[0m[38;5;249m,[0m[38;5;249m [0m[38;5;249mp[0m[38;5;249mo[0m[38;5;249mi[0m[38;5;249mn[0m[38;5;249mt[0m[38;5;249ms[0m[38;5;249mI[0m[38;5;249mn[0m[38;5;249mc[0m[38;5;249mr[0m[38;5;249me[0m[38;5;249mm[0m[38;5;249me[0m[38;5;249mn[0m[38;5;249mt[0m[38;5;249m)[0m[38;5;249m [0m[38;5;249m{[0m
 [38;5;240m    │[0m                       ────────┬───────  
 [38;5;240m    │[0m                               ╰───────── It cannot be redeclared here
[38;5;246m─────╯[0m

    at aggregateBindingErrorsIntoJsError (file:///Users/patitpabanroy/Desktop/Live%20Streming%20Online%20Class/node_modules/rolldown/dist/shared/error-w0u7biK-.mjs:48:18)
    at unwrapBindingResult (file:///Users/patitpabanroy/Desktop/Live%20Streming%20Online%20Class/node_modules/rolldown/dist/shared/error-w0u7biK-.mjs:18:128)
    at #build (file:///Users/patitpabanroy/Desktop/Live%20Streming%20Online%20Class/node_modules/rolldown/dist/shared/rolldown-build-DtGk-m96.mjs:3313:34)
    at async buildEnvironment (file:///Users/patitpabanroy/Desktop/Live%20Streming%20Online%20Class/node_modules/vite/dist/node/chunks/node.js:32954:64)
    at async Object.build (file:///Users/patitpabanroy/Desktop/Live%20Streming%20Online%20Class/node_modules/vite/dist/node/chunks/node.js:33376:19)
    at async Object.buildApp (file:///Users/patitpabanroy/Desktop/Live%20Streming%20Online%20Class/node_modules/vite/dist/node/chunks/node.js:33373:153)
    at async CAC.<anonymous> (file:///Users/patitpabanroy/Desktop/Live%20Streming%20Online%20Class/node_modules/vite/dist/node/cli.js:778:3) {
  errors: [Getter/Setter]
}
